<!DOCTYPE html>
<html class="writer-html5" lang="en" >
<head>
  <meta charset="utf-8" />
  <meta name="viewport" content="width=device-width, initial-scale=1.0" /><!-- OneTrust Cookies Consent Notice start for xilinx.github.io --><script src="https://cdn.cookielaw.org/scripttemplates/otSDKStub.js" data-document-language="true" type="text/javascript" charset="UTF-8" data-domain-script="03af8d57-0a04-47a6-8f10-322fa00d8fc7" ></script>
<script type="text/javascript">
function OptanonWrapper() { }
</script><!-- OneTrust Cookies Consent Notice end for xilinx.github.io --><title>1.必要なファイル ヘッダーを含めます。  - Vitis™ チュートリアル 2022.1 の資料</title>
      <link rel="stylesheet" href="../../../../../_static/pygments.css" type="text/css" />
      <link rel="stylesheet" href="../../../../../_static/css/theme.css" type="text/css" />
      <link rel="stylesheet" href="../../../../../_static/_static/custom.css" type="text/css" /><!--[if lt IE 9]>
    <script src="../../../../../_static/js/html5shiv.min.js"></script>
  <![endif]--><script data-url_root="../../../../../" id="documentation_options" src="../../../../../_static/documentation_options.js"></script>
        <script src="../../../../../_static/jquery.js"></script>
        <script src="../../../../../_static/underscore.js"></script>
        <script src="../../../../../_static/_sphinx_javascript_frameworks_compat.js"></script>
        <script src="../../../../../_static/doctools.js"></script>
    <script src="../../../../../_static/js/theme.js"></script>
    <link rel="index" title="Index" href="../../../../../genindex.html" />
    <link rel="search" title="Search" href="../../../../../search.html" /> 
</head>

<body class="wy-body-for-nav"> 
  <div class="wy-grid-for-nav">
    <nav data-toggle="wy-nav-shift" class="wy-nav-side">
      <div class="wy-side-scroll">
        <div class="wy-side-nav-search"><a href="../../../../../index.html" class="icon icon-home">Vitis™ チュートリアル <img src="../../../../../_static/xilinx-header-logo.svg" class="logo" alt="Logo"/> </a><div class="version">2022.1</div>
<div role="search">
  <form id="rtd-search-form" class="wy-form" action="../../../../../search.html" method="get">
    <input type="text" name="q" placeholder="Search docs" />
    <input type="hidden" name="check_keywords" value="yes" />
    <input type="hidden" name="area" value="default" />
  </form>
</div>
        </div><div class="wy-menu wy-menu-vertical" data-spy="affix" role="navigation" aria-label="Navigation menu">
              <p class="caption" role="heading"><span class="caption-text">English</span></p><ul><li class="toctree-l1"><a class="reference external" href="https://xilinx.github.io/Vitis-Tutorials/master/docs/index.html">Main</a></li></ul><p class="caption" role="heading"><span class="caption-text">入門</span></p><ul><li class="toctree-l1"><a class="reference internal" href="../../../../Getting_Started/Vitis-Getting-Started.html">概要</a></li></ul><p class="caption" role="heading"><span class="caption-text">アクセラレーション</span></p><ul><li class="toctree-l1"><a class="reference internal" href="../../../../Hardware_Acceleration/Hardware-Acceleration.html">ハードウェア アクセラレーション</a></li></ul><p class="caption" role="heading"><span class="caption-text">AI エンジン</span></p><ul><li class="toctree-l1"><a class="reference internal" href="../../../../AI_Engine_Development/AI_Engine_Development.html">AI エンジン開発</a></li></ul><p class="caption" role="heading"><span class="caption-text">プラットフォーム</span></p><ul><li class="toctree-l1"><a class="reference internal" href="../../../Vitis_Platform_Creation.html">Vitis プラットフォームの作成</a></li></ul><p class="caption" role="heading"><span class="caption-text">その他のバージョン</span></p><ul><li class="toctree-l1"><a class="reference external" href="https://xilinx.github.io/Vitis-Tutorials/2021-2/build/html/index.html">2021.2</a></li><li class="toctree-l1"><a class="reference external" href="https://xilinx.github.io/Vitis-Tutorials/2021-1/build/html/index.html">2021.1</a></li><li class="toctree-l1"><a class="reference external" href="https://xilinx.github.io/Vitis-Tutorials/2020-2/docs/build/html/index.html">2020.2</a></li><li class="toctree-l1"><a class="reference external" href="https://xilinx.github.io/Vitis-Tutorials/2020-1/docs/build/html/indexE.html">2020.1</a></li></ul></div>
      </div>
    </nav>

    <section data-toggle="wy-nav-shift" class="wy-nav-content-wrap"><nav class="wy-nav-top" aria-label="Mobile navigation menu"  style="background: black" ><i data-toggle="wy-nav-top" class="fa fa-bars"></i> <a href="../../../../../index.html">Vitis™ チュートリアル</a></nav>

      <div class="wy-nav-content">
        <div class="rst-content">
          <div role="navigation" aria-label="Page navigation"><ul class="wy-breadcrumbs"><li><a href="../../../../../index.html" class="icon icon-home"></a>&raquo;</li> <li>1.必要なファイル ヘッダーを含めます。</li><li class="wy-breadcrumbs-aside"><a href="../../../../../_sources/docs/Vitis_Platform_Creation/Feature_Tutorials/01_platform_creation_streaming_ip/golden/host_modifications.md.txt" rel="nofollow">ページ ソースの表示</a></li></ul><hr/>
</div>
          <div role="main" class="document" itemscope="itemscope" itemtype="http://schema.org/Article">
           <div itemprop="articleBody">
             
  <p>ここでは、このチュートリアルの vadd ホストアプリケーションに必要な変更を示します。これは単なる例であり、同じ関数をインプリメントする方法はほかにもあることに注意してください。</p>
<div class="section" id="include-necessary-file-headers">
<h1>1.必要なファイル ヘッダーを含有<a class="headerlink" href="#include-necessary-file-headers" title="Permalink to this heading">¶</a></h1>
<p>新しい include コマンドを、既存の include コマンドと同じ場所のファイル先頭に追加します。</p>
<p><em><strong>変更前</strong></em></p>
<div class="highlight-default notranslate"><div class="highlight"><pre><span></span><span class="c1">#include &lt;stdlib.h&gt;</span> <span class="c1">#include &lt;fstream&gt;</span> <span class="c1">#include &lt;iostream&gt;</span> <span class="c1">#include &quot;vadd.h&quot;</span></pre></div>
</div>
<p><em><strong>変更後</strong></em></p>
<div class="highlight-default notranslate"><div class="highlight"><pre><span></span><span class="c1">#include &lt;stdlib.h&gt;</span> <span class="c1">#include &lt;fstream&gt;</span> <span class="c1">#include &lt;iostream&gt;</span> <span class="c1">#include &quot;vadd.h&quot;</span> <span class="c1">#include &quot;ap_int.h&quot;</span> <span class="c1">#include &lt;stdio.h&gt;</span></pre></div>
</div>
</div>
<div class="section" id="create-a-new-cl-mem-buffer">
<h1>2.新しい cl_mem バッファーを作成<a class="headerlink" href="#create-a-new-cl-mem-buffer" title="Permalink to this heading">¶</a></h1>
<p>新しく追加されたカーネル ポートからのデータと通信するため、新しいバッファーを作成します。</p>
<p><em><strong>変更前</strong></em></p>
<div class="highlight-default notranslate"><div class="highlight"><pre><span></span><span class="n">OCL_CHECK</span><span class="p">(</span><span class="n">err</span><span class="p">,</span> <span class="n">cl</span><span class="p">::</span><span class="n">Buffer</span> <span class="n">buffer_a</span><span class="p">(</span><span class="n">context</span><span class="p">,</span> <span class="n">CL_MEM_READ_ONLY</span><span class="p">,</span> <span class="n">size_in_bytes</span><span class="p">,</span> <span class="n">NULL</span><span class="p">,</span> <span class="o">&amp;</span><span class="n">err</span><span class="p">));</span> <span class="n">OCL_CHECK</span><span class="p">(</span><span class="n">err</span><span class="p">,</span> <span class="n">cl</span><span class="p">::</span><span class="n">Buffer</span> <span class="n">buffer_b</span><span class="p">(</span><span class="n">context</span><span class="p">,</span> <span class="n">CL_MEM_READ_ONLY</span><span class="p">,</span> <span class="n">size_in_bytes</span><span class="p">,</span> <span class="n">NULL</span><span class="p">,</span> <span class="o">&amp;</span><span class="n">err</span><span class="p">));</span> <span class="n">OCL_CHECK</span><span class="p">(</span><span class="n">err</span><span class="p">,</span> <span class="n">cl</span><span class="p">::</span><span class="n">Buffer</span> <span class="n">buffer_result</span><span class="p">(</span><span class="n">context</span><span class="p">,</span> <span class="n">CL_MEM_WRITE_ONLY</span><span class="p">,</span> <span class="n">size_in_bytes</span><span class="p">,</span> <span class="n">NULL</span><span class="p">,</span> <span class="o">&amp;</span><span class="n">err</span><span class="p">));</span></pre></div>
</div>
<p><em><strong>変更後</strong></em></p>
<div class="highlight-default notranslate"><div class="highlight"><pre><span></span><span class="n">OCL_CHECK</span><span class="p">(</span><span class="n">err</span><span class="p">,</span> <span class="n">cl</span><span class="p">::</span><span class="n">Buffer</span> <span class="n">buffer_a</span><span class="p">(</span><span class="n">context</span><span class="p">,</span> <span class="n">CL_MEM_READ_ONLY</span><span class="p">,</span> <span class="n">size_in_bytes</span><span class="p">,</span> <span class="n">NULL</span><span class="p">,</span> <span class="o">&amp;</span><span class="n">err</span><span class="p">));</span> <span class="n">OCL_CHECK</span><span class="p">(</span><span class="n">err</span><span class="p">,</span> <span class="n">cl</span><span class="p">::</span><span class="n">Buffer</span> <span class="n">buffer_b</span><span class="p">(</span><span class="n">context</span><span class="p">,</span> <span class="n">CL_MEM_READ_ONLY</span><span class="p">,</span> <span class="n">size_in_bytes</span><span class="p">,</span> <span class="n">NULL</span><span class="p">,</span> <span class="o">&amp;</span><span class="n">err</span><span class="p">));</span> <span class="n">OCL_CHECK</span><span class="p">(</span><span class="n">err</span><span class="p">,</span> <span class="n">cl</span><span class="p">::</span><span class="n">Buffer</span> <span class="n">buffer_result</span><span class="p">(</span><span class="n">context</span><span class="p">,</span> <span class="n">CL_MEM_WRITE_ONLY</span><span class="p">,</span> <span class="n">size_in_bytes</span><span class="p">,</span> <span class="n">NULL</span><span class="p">,</span> <span class="o">&amp;</span><span class="n">err</span><span class="p">));</span> <span class="n">cl</span><span class="p">::</span><span class="n">Buffer</span> <span class="n">buffer_waveout</span><span class="p">(</span><span class="n">context</span><span class="p">,</span> <span class="n">CL_MEM_WRITE_ONLY</span><span class="p">,</span> <span class="mi">1024</span><span class="o">*</span><span class="n">sizeof</span><span class="p">(</span><span class="nb">int</span><span class="p">));</span></pre></div>
</div>
</div>
<div class="section" id="bond-the-buffer-with-new-arguments-of-the-kernel">
<h1>3.バッファーをカーネルの新しい引数にボンディング<a class="headerlink" href="#bond-the-buffer-with-new-arguments-of-the-kernel" title="Permalink to this heading"></a></h1>
<p><em><strong>変更前</strong></em></p>
<div class="highlight-default notranslate"><div class="highlight"><pre><span></span><span class="n">OCL_CHECK</span><span class="p">(</span><span class="n">err</span><span class="p">,</span> <span class="n">err</span> <span class="o">=</span> <span class="n">krnl_vector_add</span><span class="o">.</span><span class="n">setArg</span><span class="p">(</span><span class="n">narg</span><span class="o">++</span><span class="p">,</span> <span class="n">buffer_a</span><span class="p">));</span> <span class="n">OCL_CHECK</span><span class="p">(</span><span class="n">err</span><span class="p">,</span> <span class="n">err</span> <span class="o">=</span> <span class="n">krnl_vector_add</span><span class="o">.</span><span class="n">setArg</span><span class="p">(</span><span class="n">narg</span><span class="o">++</span><span class="p">,</span> <span class="n">buffer_b</span><span class="p">));</span> <span class="n">OCL_CHECK</span><span class="p">(</span><span class="n">err</span><span class="p">,</span> <span class="n">err</span> <span class="o">=</span> <span class="n">krnl_vector_add</span><span class="o">.</span><span class="n">setArg</span><span class="p">(</span><span class="n">narg</span><span class="o">++</span><span class="p">,</span> <span class="n">buffer_result</span><span class="p">));</span> <span class="n">OCL_CHECK</span><span class="p">(</span><span class="n">err</span><span class="p">,</span> <span class="n">err</span> <span class="o">=</span> <span class="n">krnl_vector_add</span><span class="o">.</span><span class="n">setArg</span><span class="p">(</span><span class="n">narg</span><span class="o">++</span><span class="p">,</span> <span class="n">DATA_SIZE</span><span class="p">));</span></pre></div>
</div>
<p><em><strong>変更後</strong></em></p>
<div class="highlight-default notranslate"><div class="highlight"><pre><span></span><span class="n">OCL_CHECK</span><span class="p">(</span><span class="n">err</span><span class="p">,</span> <span class="n">err</span> <span class="o">=</span> <span class="n">krnl_vector_add</span><span class="o">.</span><span class="n">setArg</span><span class="p">(</span><span class="n">narg</span><span class="o">++</span><span class="p">,</span> <span class="n">buffer_a</span><span class="p">));</span> <span class="n">OCL_CHECK</span><span class="p">(</span><span class="n">err</span><span class="p">,</span> <span class="n">err</span> <span class="o">=</span> <span class="n">krnl_vector_add</span><span class="o">.</span><span class="n">setArg</span><span class="p">(</span><span class="n">narg</span><span class="o">++</span><span class="p">,</span> <span class="n">buffer_b</span><span class="p">));</span> <span class="n">OCL_CHECK</span><span class="p">(</span><span class="n">err</span><span class="p">,</span> <span class="n">err</span> <span class="o">=</span> <span class="n">krnl_vector_add</span><span class="o">.</span><span class="n">setArg</span><span class="p">(</span><span class="n">narg</span><span class="o">++</span><span class="p">,</span> <span class="n">buffer_result</span><span class="p">));</span> <span class="n">OCL_CHECK</span><span class="p">(</span><span class="n">err</span><span class="p">,</span> <span class="n">err</span> <span class="o">=</span> <span class="n">krnl_vector_add</span><span class="o">.</span><span class="n">setArg</span><span class="p">(</span><span class="n">narg</span><span class="o">++</span><span class="p">,</span> <span class="n">DATA_SIZE</span><span class="p">));</span> <span class="n">krnl_vector_add</span><span class="o">.</span><span class="n">setArg</span><span class="p">(</span><span class="n">narg</span><span class="o">++</span><span class="p">,</span><span class="n">buffer_waveout</span><span class="p">);</span></pre></div>
</div>
</div>
<div class="section" id="map-the-new-buffer-to-a-pointer">
<h1>4.ポインターへ新しいバッファーにマップ<a class="headerlink" href="#map-the-new-buffer-to-a-pointer" title="Permalink to this heading">¶</a></h1>
<p><em><strong>変更前</strong></em></p>
<div class="highlight-default notranslate"><div class="highlight"><pre><span></span><span class="n">OCL_CHECK</span><span class="p">(</span><span class="n">err</span><span class="p">,</span> <span class="n">ptr_a</span> <span class="o">=</span> <span class="p">(</span><span class="nb">int</span><span class="o">*</span><span class="p">)</span><span class="n">q</span><span class="o">.</span><span class="n">enqueueMapBuffer</span><span class="p">(</span><span class="n">buffer_a</span><span class="p">,</span> <span class="n">CL_TRUE</span><span class="p">,</span> <span class="n">CL_MAP_WRITE</span><span class="p">,</span> <span class="mi">0</span><span class="p">,</span> <span class="n">size_in_bytes</span><span class="p">,</span> <span class="n">NULL</span><span class="p">,</span> <span class="n">NULL</span><span class="p">,</span> <span class="o">&amp;</span><span class="n">err</span><span class="p">));</span> <span class="n">OCL_CHECK</span><span class="p">(</span><span class="n">err</span><span class="p">,</span> <span class="n">ptr_b</span> <span class="o">=</span> <span class="p">(</span><span class="nb">int</span><span class="o">*</span><span class="p">)</span><span class="n">q</span><span class="o">.</span><span class="n">enqueueMapBuffer</span><span class="p">(</span><span class="n">buffer_b</span><span class="p">,</span> <span class="n">CL_TRUE</span><span class="p">,</span> <span class="n">CL_MAP_WRITE</span><span class="p">,</span> <span class="mi">0</span><span class="p">,</span> <span class="n">size_in_bytes</span><span class="p">,</span> <span class="n">NULL</span><span class="p">,</span> <span class="n">NULL</span><span class="p">,</span> <span class="o">&amp;</span><span class="n">err</span><span class="p">));</span> <span class="n">OCL_CHECK</span><span class="p">(</span><span class="n">err</span><span class="p">,</span> <span class="n">ptr_result</span> <span class="o">=</span> <span class="p">(</span><span class="nb">int</span><span class="o">*</span><span class="p">)</span><span class="n">q</span><span class="o">.</span><span class="n">enqueueMapBuffer</span><span class="p">(</span><span class="n">buffer_result</span><span class="p">,</span> <span class="n">CL_TRUE</span><span class="p">,</span> <span class="n">CL_MAP_READ</span><span class="p">,</span> <span class="mi">0</span><span class="p">,</span> <span class="n">size_in_bytes</span><span class="p">,</span> <span class="n">NULL</span><span class="p">,</span> <span class="n">NULL</span><span class="p">,</span> <span class="o">&amp;</span><span class="n">err</span><span class="p">));</span></pre></div>
</div>
<p><em><strong>変更後</strong></em></p>
<div class="highlight-default notranslate"><div class="highlight"><pre><span></span><span class="n">OCL_CHECK</span><span class="p">(</span><span class="n">err</span><span class="p">,</span> <span class="n">ptr_a</span> <span class="o">=</span> <span class="p">(</span><span class="nb">int</span><span class="o">*</span><span class="p">)</span><span class="n">q</span><span class="o">.</span><span class="n">enqueueMapBuffer</span><span class="p">(</span><span class="n">buffer_a</span><span class="p">,</span> <span class="n">CL_TRUE</span><span class="p">,</span> <span class="n">CL_MAP_WRITE</span><span class="p">,</span> <span class="mi">0</span><span class="p">,</span> <span class="n">size_in_bytes</span><span class="p">,</span> <span class="n">NULL</span><span class="p">,</span> <span class="n">NULL</span><span class="p">,</span> <span class="o">&amp;</span><span class="n">err</span><span class="p">));</span> <span class="n">OCL_CHECK</span><span class="p">(</span><span class="n">err</span><span class="p">,</span> <span class="n">ptr_b</span> <span class="o">=</span> <span class="p">(</span><span class="nb">int</span><span class="o">*</span><span class="p">)</span><span class="n">q</span><span class="o">.</span><span class="n">enqueueMapBuffer</span><span class="p">(</span><span class="n">buffer_b</span><span class="p">,</span> <span class="n">CL_TRUE</span><span class="p">,</span> <span class="n">CL_MAP_WRITE</span><span class="p">,</span> <span class="mi">0</span><span class="p">,</span> <span class="n">size_in_bytes</span><span class="p">,</span> <span class="n">NULL</span><span class="p">,</span> <span class="n">NULL</span><span class="p">,</span> <span class="o">&amp;</span><span class="n">err</span><span class="p">));</span> <span class="n">OCL_CHECK</span><span class="p">(</span><span class="n">err</span><span class="p">,</span> <span class="n">ptr_result</span> <span class="o">=</span> <span class="p">(</span><span class="nb">int</span><span class="o">*</span><span class="p">)</span><span class="n">q</span><span class="o">.</span><span class="n">enqueueMapBuffer</span><span class="p">(</span><span class="n">buffer_result</span><span class="p">,</span> <span class="n">CL_TRUE</span><span class="p">,</span> <span class="n">CL_MAP_READ</span><span class="p">,</span> <span class="mi">0</span><span class="p">,</span> <span class="n">size_in_bytes</span><span class="p">,</span> <span class="n">NULL</span><span class="p">,</span> <span class="n">NULL</span><span class="p">,</span> <span class="o">&amp;</span><span class="n">err</span><span class="p">));</span> <span class="nb">int</span> <span class="o">*</span><span class="n">ptr_waveout</span> <span class="o">=</span> <span class="p">(</span><span class="nb">int</span> <span class="o">*</span><span class="p">)</span> <span class="n">q</span><span class="o">.</span><span class="n">enqueueMapBuffer</span> <span class="p">(</span><span class="n">buffer_waveout</span> <span class="p">,</span> <span class="n">CL_TRUE</span> <span class="p">,</span> <span class="n">CL_MAP_READ</span> <span class="p">,</span> <span class="mi">0</span><span class="p">,</span> <span class="mi">1024</span><span class="o">*</span><span class="n">sizeof</span><span class="p">(</span><span class="nb">int</span><span class="p">));</span></pre></div>
</div>
</div>
<div class="section" id="read-data-from-ddr">
<h1>5.DDR からデータを読み出し<a class="headerlink" href="#read-data-from-ddr" title="Permalink to this heading">¶</a></h1>
<p><em><strong>変更前</strong></em></p>
<div class="highlight-default notranslate"><div class="highlight"><pre><span></span><span class="n">OCL_CHECK</span><span class="p">(</span><span class="n">err</span><span class="p">,</span> <span class="n">q</span><span class="o">.</span><span class="n">enqueueMigrateMemObjects</span><span class="p">({</span><span class="n">buffer_result</span><span class="p">},</span> <span class="n">CL_MIGRATE_MEM_OBJECT_HOST</span><span class="p">));</span></pre></div>
</div>
<p><em><strong>変更後</strong></em></p>
<div class="highlight-default notranslate"><div class="highlight"><pre><span></span><span class="n">OCL_CHECK</span><span class="p">(</span><span class="n">err</span><span class="p">,</span> <span class="n">q</span><span class="o">.</span><span class="n">enqueueMigrateMemObjects</span><span class="p">({</span><span class="n">buffer_result</span><span class="p">},</span> <span class="n">CL_MIGRATE_MEM_OBJECT_HOST</span><span class="p">));</span> <span class="n">q</span><span class="o">.</span><span class="n">enqueueMigrateMemObjects</span><span class="p">({</span><span class="n">buffer_waveout</span><span class="p">},</span><span class="n">CL_MIGRATE_MEM_OBJECT_HOST</span><span class="p">);</span></pre></div>
</div>
</div>
<div class="section" id="save-the-data-into-a-file">
<h1>6.データをファイルに保存<a class="headerlink" href="#save-the-data-into-a-file" title="Permalink to this heading">¶</a></h1>
<p>これは、すでに存在する結果の検証部分の直後に追加できます。</p>
<p><em><strong>変更前</strong></em></p>
<div class="highlight-default notranslate"><div class="highlight"><pre><span></span><span class="nb">int</span> <span class="n">match</span> <span class="o">=</span> <span class="mi">0</span><span class="p">;</span> <span class="k">for</span> <span class="p">(</span><span class="nb">int</span> <span class="n">i</span> <span class="o">=</span> <span class="mi">0</span><span class="p">;</span> <span class="n">i</span> <span class="o">&lt;</span> <span class="n">DATA_SIZE</span><span class="p">;</span> <span class="n">i</span><span class="o">++</span><span class="p">)</span> <span class="p">{</span> <span class="nb">int</span> <span class="n">host_result</span> <span class="o">=</span> <span class="n">ptr_a</span><span class="p">[</span><span class="n">i</span><span class="p">]</span> <span class="o">+</span> <span class="n">ptr_b</span><span class="p">[</span><span class="n">i</span><span class="p">];</span> <span class="k">if</span> <span class="p">(</span><span class="n">ptr_result</span><span class="p">[</span><span class="n">i</span><span class="p">]</span> <span class="o">!=</span> <span class="n">host_result</span><span class="p">)</span> <span class="p">{</span> <span class="n">printf</span><span class="p">(</span><span class="n">error_message</span><span class="o">.</span><span class="n">c_str</span><span class="p">(),</span> <span class="n">i</span><span class="p">,</span> <span class="n">host_result</span><span class="p">,</span> <span class="n">ptr_result</span><span class="p">[</span><span class="n">i</span><span class="p">]);</span> <span class="n">match</span> <span class="o">=</span> <span class="mi">1</span><span class="p">;</span> <span class="k">break</span><span class="p">;</span> <span class="p">}</span> <span class="p">}</span></pre></div>
</div>
<p><em><strong>変更後</strong></em></p>
<div class="highlight-default notranslate"><div class="highlight"><pre><span></span><span class="nb">int</span> <span class="n">match</span> <span class="o">=</span> <span class="mi">0</span><span class="p">;</span> <span class="k">for</span> <span class="p">(</span><span class="nb">int</span> <span class="n">i</span> <span class="o">=</span> <span class="mi">0</span><span class="p">;</span> <span class="n">i</span> <span class="o">&lt;</span> <span class="n">DATA_SIZE</span><span class="p">;</span> <span class="n">i</span><span class="o">++</span><span class="p">)</span> <span class="p">{</span> <span class="nb">int</span> <span class="n">host_result</span> <span class="o">=</span> <span class="n">ptr_a</span><span class="p">[</span><span class="n">i</span><span class="p">]</span> <span class="o">+</span> <span class="n">ptr_b</span><span class="p">[</span><span class="n">i</span><span class="p">];</span> <span class="k">if</span> <span class="p">(</span><span class="n">ptr_result</span><span class="p">[</span><span class="n">i</span><span class="p">]</span> <span class="o">!=</span> <span class="n">host_result</span><span class="p">)</span> <span class="p">{</span> <span class="n">printf</span><span class="p">(</span><span class="n">error_message</span><span class="o">.</span><span class="n">c_str</span><span class="p">(),</span> <span class="n">i</span><span class="p">,</span> <span class="n">host_result</span><span class="p">,</span> <span class="n">ptr_result</span><span class="p">[</span><span class="n">i</span><span class="p">]);</span> <span class="n">match</span> <span class="o">=</span> <span class="mi">1</span><span class="p">;</span> <span class="k">break</span><span class="p">;</span> <span class="p">}</span> <span class="p">}</span> <span class="n">FILE</span> <span class="o">*</span><span class="n">fp_dout</span><span class="p">;</span> <span class="n">fp_dout</span><span class="o">=</span><span class="n">fopen</span><span class="p">(</span><span class="s2">&quot;wave_out.txt&quot;</span><span class="p">,</span><span class="s2">&quot;w&quot;</span><span class="p">);</span> <span class="k">for</span> <span class="p">(</span><span class="nb">int</span> <span class="n">i</span> <span class="o">=</span> <span class="mi">0</span><span class="p">;</span> <span class="n">i</span> <span class="o">&lt;</span> <span class="mi">1024</span><span class="p">;</span> <span class="n">i</span><span class="o">++</span><span class="p">)</span> <span class="p">{</span> <span class="n">fprintf</span><span class="p">(</span><span class="n">fp_dout</span><span class="p">,</span><span class="s2">&quot;</span><span class="si">%d</span><span class="se">\n</span><span class="s2">&quot;</span><span class="p">,</span><span class="n">ptr_waveout</span><span class="p">[</span><span class="n">i</span><span class="p">]</span><span class="o">&lt;&lt;</span><span class="mi">17</span><span class="p">);</span> <span class="p">}</span> <span class="n">fclose</span><span class="p">(</span><span class="n">fp_dout</span><span class="p">);</span></pre></div>
</div>
</div>
<div class="section" id="unmap-the-buffer-object">
<h1>7.バッファー オブジェクトをマップ<a class="headerlink" href="#unmap-the-buffer-object" title="Permalink to this heading">¶</a></h1>
<p><em><strong>変更前</strong></em></p>
<div class="highlight-default notranslate"><div class="highlight"><pre><span></span><span class="n">OCL_CHECK</span><span class="p">(</span><span class="n">err</span><span class="p">,</span> <span class="n">err</span> <span class="o">=</span> <span class="n">q</span><span class="o">.</span><span class="n">enqueueUnmapMemObject</span><span class="p">(</span><span class="n">buffer_a</span><span class="p">,</span> <span class="n">ptr_a</span><span class="p">));</span> <span class="n">OCL_CHECK</span><span class="p">(</span><span class="n">err</span><span class="p">,</span> <span class="n">err</span> <span class="o">=</span> <span class="n">q</span><span class="o">.</span><span class="n">enqueueUnmapMemObject</span><span class="p">(</span><span class="n">buffer_b</span><span class="p">,</span> <span class="n">ptr_b</span><span class="p">));</span> <span class="n">OCL_CHECK</span><span class="p">(</span><span class="n">err</span><span class="p">,</span> <span class="n">err</span> <span class="o">=</span> <span class="n">q</span><span class="o">.</span><span class="n">enqueueUnmapMemObject</span><span class="p">(</span><span class="n">buffer_result</span><span class="p">,</span> <span class="n">ptr_result</span><span class="p">));</span></pre></div>
</div>
<p><em><strong>変更後</strong></em></p>
<div class="highlight-default notranslate"><div class="highlight"><pre><span></span><span class="n">OCL_CHECK</span><span class="p">(</span><span class="n">err</span><span class="p">,</span> <span class="n">err</span> <span class="o">=</span> <span class="n">q</span><span class="o">.</span><span class="n">enqueueUnmapMemObject</span><span class="p">(</span><span class="n">buffer_a</span><span class="p">,</span> <span class="n">ptr_a</span><span class="p">));</span> <span class="n">OCL_CHECK</span><span class="p">(</span><span class="n">err</span><span class="p">,</span> <span class="n">err</span> <span class="o">=</span> <span class="n">q</span><span class="o">.</span><span class="n">enqueueUnmapMemObject</span><span class="p">(</span><span class="n">buffer_b</span><span class="p">,</span> <span class="n">ptr_b</span><span class="p">));</span> <span class="n">OCL_CHECK</span><span class="p">(</span><span class="n">err</span><span class="p">,</span> <span class="n">err</span> <span class="o">=</span> <span class="n">q</span><span class="o">.</span><span class="n">enqueueUnmapMemObject</span><span class="p">(</span><span class="n">buffer_result</span><span class="p">,</span> <span class="n">ptr_result</span><span class="p">));</span> <span class="n">q</span><span class="o">.</span><span class="n">enqueueUnmapMemObject</span><span class="p">(</span><span class="n">buffer_waveout</span> <span class="p">,</span> <span class="n">ptr_waveout</span><span class="p">);</span></pre></div>
</div>
</div>
<div class="section" id="license">
<h1>ライセンス<a class="headerlink" href="#license" title="Permalink to this heading">¶</a></h1>
<p>Apache ライセンス、バージョン 2.0 (以下「ライセンス」) に基づいてライセンス付与されています。本ライセンスに準拠しないと、このファイルを使用することはできません。</p>
<p>ライセンスのコピーは、<a class="reference external" href="http://www.apache.org/licenses/LICENSE-2.0">http://www.apache.org/licenses/LICENSE-2.0</a> から入手できます。</p>
<p>適切な法律で要求されるか、書面で同意された場合を除き、本ライセンスに基づいて配布されるソフトウェアは、明示的または黙示的を問わず、いかなる種類の保証または条件もなく、「現状のまま」配布されます。ライセンスに基づく権限と制限を管理する特定の言語については、ライセンスを参照してください。</p>
</div>


           </div>
          </div>
          
                  <style>.footer { position: fixed; left: 0; bottom: 0; width: 100%; }</style>
				  
				  <footer>

  <hr/>

  <div role="contentinfo">
    <p>© Copyright 2019-2022, Xilinx, Inc.. <span class="lastupdated">Last updated on May 16, 2022.</span></p>
  </div>



										<div class="aem-Grid aem-Grid--16">
											<div class="aem-GridColumn aem-GridColumn--xxxlarge--none aem-GridColumn--xsmall--16 aem-GridColumn--offset--xsmall--0 aem-GridColumn--xlarge--none aem-GridColumn--xxlarge--none aem-GridColumn--default--none aem-GridColumn--offset--large--1 aem-GridColumn--xlarge--12 aem-GridColumn--offset--default--0 aem-GridColumn--xxlarge--10 aem-GridColumn--offset--xlarge--2 aem-GridColumn--offset--xxlarge--3 aem-GridColumn--offset--xxxlarge--4 aem-GridColumn--xsmall--none aem-GridColumn--large--none aem-GridColumn aem-GridColumn--large--14 aem-GridColumn--xxxlarge--8 aem-GridColumn--default--16">
												<div class="container-fluid sub-footer">

													                    <div class="row">
                        <div class="col-xs-24">
                          <p><a target="_blank" href="https://www.amd.com/en/corporate/copyright">Terms and Conditions</a> | <a target="_blank" href="https://www.amd.com/en/corporate/privacy">Privacy</a> | <a target="_blank" href="https://www.amd.com/en/corporate/cookies">Cookie Policy</a> | <a target="_blank" href="https://www.amd.com/en/corporate/trademarks">Trademarks</a> | <a target="_blank" href="https://www.amd.com/system/files/documents/statement-human-trafficking-forced-labor.pdf">Statement on Forced Labor</a> | <a target="_blank" href="https://www.amd.com/en/corporate/competition">Fair and Open Competition</a> | <a target="_blank" href="https://www.amd.com/system/files/documents/amd-uk-tax-strategy.pdf">UK Tax Strategy</a> | <a target="_blank" href="https://docs.xilinx.com/v/u/9x6YvZKuWyhJId7y7RQQKA">Inclusive Terminology</a> | <a href="#cookiessettings" class="ot-sdk-show-settings">Cookies Settings</a></p>
                        </div>
                    </div>
												</div>
											</div>
										</div>
										
</br>Built with <a href="https://www.sphinx-doc.org/">Sphinx</a> using a <a href="https://github.com/readthedocs/sphinx_rtd_theme">theme</a> provided by <a href="https://readthedocs.org">Read the Docs</a>.</footer>
        </div>
      </div>
    </section>
  </div>
  <script>
      jQuery(function () {
          SphinxRtdTheme.Navigation.enable(true);
      });
  </script>
 <script type="text/javascript">
    $(document).ready(function() {
        $(".toggle > *").hide();
        $(".toggle .header").show();
        $(".toggle .header").click(function() {
            $(this).parent().children().not(".header").toggle(400);
            $(this).parent().children(".header").toggleClass("open");
        })
    });
</script>


</body>
</html>