


<!DOCTYPE HTML>
<!--[if IE 8]><html class="no-js lt-ie9" lang="en" > <![endif]-->
<!--[if gt IE 8]><!--> <html class="no-js" lang="en" > <!--<![endif]-->
	<head>
		<meta charset="utf-8">
		
		<meta http-equiv="content-type" content="text/html; charset=UTF-8"/>
		<link rel="stylesheet" href="https://static.cloud.coveo.com/searchui/v2.4382/css/CoveoFullSearch.css"/>
		<meta http-equiv="X-UA-Compatible" content="IE=edge"/>
		<meta name="viewport" content="width=device-width, initial-scale=1.0"/>
		<meta name="description"/>
		<meta name="keywords"/>
		<meta property="og:title" content=""/>
		<meta property="og:description"/>
		<!-- favicon -->
		<link rel="icon" type="image/vnd.microsoft.icon" href="../../../../../_static/favicon.ico"/>
		<link rel="shortcut icon" type="image/vnd.microsoft.icon" href="../../../../../_static/favicon.ico"/>
		<!-- Fonts -->
		<link href="https://fonts.googleapis.com/css?family=Roboto:300,400,500" rel="stylesheet" type="text/css"/>

  
  
  
  

  
      <script type="text/javascript" src="../../../../../_static/js/jquery.min.js"></script>
	  <script type="text/javascript" src="../../../../../_static/js/gtm.js"></script>
  <script type="text/javascript" src="../../../../../_static/js/modernizr.min.js"></script>
    <script type="text/javascript" src="../../../../../_static/js/d3dd8c60ed.js"></script>
    <script type="text/javascript" src="../../../../../_static/js/common-ui-all.min.js"></script>
    <script type="text/javascript" src="../../../../../_static/js/jquery-ui.min.js"></script>
    <script type="text/javascript" src="../../../../../_static/js/CoveoJsSearch.Lazy.min.js"></script>
    <script type="text/javascript" src="../../../../../_static/js/linkid.js"></script>
    <script type="text/javascript" src="../../../../../_static/js/Searchbox.min.js"></script>
	<script type="text/javascript" src="../../../../../_static/js/header-footer.min.js"></script>
  
    
      <script type="text/javascript" id="documentation_options" data-url_root="../../../../../" src="../../../../../_static/documentation_options.js"></script>
        <script src="../../../../../_static/jquery.js"></script>
        <script src="../../../../../_static/underscore.js"></script>
        <script src="../../../../../_static/doctools.js"></script>
    
    <script type="text/javascript" src="../../../../../_static/js/theme.js"></script>

    

  
  <link rel="stylesheet" href="../../../../../_static/css/theme.css" type="text/css" />
  <link rel="stylesheet" href="../../../../../_static/pygments.css" type="text/css" />
  <link rel="stylesheet" href="../../../../../_static/css/common-ui-all.min.css" type="text/css" />
  <link rel="stylesheet" href="../../../../../_static/css/header-footer.min.css" type="text/css" />
  <link rel="stylesheet" href="../../../../../_static/css/pro.min.css" media="all" />
    <link rel="index" title="Index" href="../../../../../genindex.html" />
    <link rel="search" title="Search" href="../../../../../search.html" /> 
	</head>
	<body>
		<div class="xilinx-bs3"/>
		<div class="root responsivegrid">
			<div class="aem-Grid aem-Grid--16 aem-Grid--default--16 aem-Grid--large--16 aem-Grid--xlarge--16 aem-Grid--xxlarge--16 aem-Grid--xxxlarge--16 ">
				<div class="xilinxExperienceFragments experiencefragment aem-GridColumn aem-GridColumn--default--12">
					<div class="xf-content-height">
						<div class="aem-Grid aem-Grid--16 aem-Grid--default--16 ">
							<div class="header parbase aem-GridColumn aem-GridColumn--default--12">
								<noindex>
									<header data-component="header">
										<nav class="navbar navbar-default aem-Grid aem-Grid--16">
											<div class="aem-GridColumn aem-GridColumn--xxxlarge--none aem-GridColumn--xsmall--16 aem-GridColumn--offset--xsmall--0 aem-GridColumn--xlarge--none aem-GridColumn--xxlarge--none aem-GridColumn--default--none aem-GridColumn--offset--large--1 aem-GridColumn--xlarge--12 aem-GridColumn--offset--default--0 aem-GridColumn--xxlarge--10 aem-GridColumn--offset--xlarge--2 aem-GridColumn--offset--xxlarge--3 aem-GridColumn--offset--xxxlarge--4 aem-GridColumn--xsmall--none aem-GridColumn--large--none aem-GridColumn aem-GridColumn--large--14 aem-GridColumn--xxxlarge--8 aem-GridColumn--default--16">
												<div class="container-fluid main-nav">
													<div class="row">
														<div class="col-xs-12">
															<div class="logo-column">
																<div class="logo">
																	<a href="https://www.xilinx.com/">
																	<img src="https://github.com/Xilinx/Image-Collateral/blob/main/xilinx-header-logo.svg?raw=true" title="Xilinx Inc"/>
																	</a>
																</div>
															</div>
															<div class="navbar-column">
																<div class="navbar navbar-collapse collapse" id="xilinx-main-menu">
																	<div class="mobile-search-container">
																		<div id="headerSearchBox" class="headerSearch"
																			data-component="header-search"
																			data-redirect-if-empty="false"
																			data-coveo-access-token="xxa237d4dd-f0aa-47fc-9baa-af9121851b33"
																			data-coveo-organization-id="xilinxcomprode2rjoqok">
																			<div class='coveo-search-section'>
																				<div class="CoveoAnalytics" data-search-hub="Site"></div>
																				<ul class="dropdown-menu options">
																					<li class="option" data-label="All" data-action-link="https://www.xilinx.com/search/site-keyword-search.html" data-search-hub="Site">
																						<a href="#">
																						All</a>
																					</li>
																					<li data-label="Silicon Devices" data-action-link="https://www.xilinx.com//products/silicon-devices/si-keyword-search.html" data-search-hub="Product">
																						<a href="#">
																						Silicon Devices</a>
																					</li>
																					<li data-label="Boards and Kits" data-action-link="https://www.xilinx.com//products/boards-and-kits/bk-keyword-search.html" data-search-hub="Product">
																						<a href="#">
																						Boards and Kits</a>
																					</li>
																					<li data-label="Intellectual Property" data-action-link="https://www.xilinx.com//products/intellectual-property/ip-keyword-search.html" data-search-hub="Product">
																						<a href="#">
																						Intellectual Property</a>
																					</li>
																					<li data-label="Support" class="option" data-action-link="https://www.xilinx.com/search/support-keyword-search.html" data-search-hub="Support">
																						<a href="#">
																						Support</a>
																						<ul>
																							<li data-label="Documentation" data-action-link="https://www.xilinx.com//support/documentation-navigation/documentation-keyword-search.html" data-search-hub="Document">
																								<a href="#">
																								Documentation</a>
																							</li>
																							<li data-label="Knowledge Base" data-action-link="https://www.xilinx.com//support/answer-navigation/answer-keyword-search.html" data-search-hub="AnswerRecord">
																								<a href="#">
																								Knowledge Base</a>
																							</li>
																							<li data-label="Community Forums" data-action-link="https://www.xilinx.com/search/forums-keyword-search.html" data-search-hub="Forums">
																								<a href="#">
																								Community Forums</a>
																							</li>
																						</ul>
																					</li>
																					<li data-label="Partners" data-action-link="https://www.xilinx.com//alliance/member-keyword-search.html" data-search-hub="Partner">
																						<a href="#">
																						Partners</a>
																					</li>
																					<li data-label="Videos" data-action-link="https://www.xilinx.com/video/video-keyword-search.html" data-search-hub="Video">
																						<a href="#">
																						Videos</a>
																					</li>
																					<li data-label="Press" data-action-link="https://www.xilinx.com/search/press-keyword-search.html" data-search-hub="Press">
																						<a href="#">
																						Press</a>
																					</li>
																				</ul>
																				<a href="#" class="btn dropdown-toggle value" data-toggle="dropdown"></a>
																				<div class="CoveoSearchbox" data-id="coveosearchbox" data-action-link="https://www.xilinx.com/search/site-keyword-search.html" data-placeholder="Search Xilinx"></div>
																			</div>
																		</div>
																	</div>
																	<ul class="nav navbar-nav nav-justified">
																		<li class="accordion-toggle-icons" data-component="toggle-dropdown">
																			<a href="https://www.xilinx.com/applications.html">
																			Applications</a>
																		</li>
																		<li class="accordion-toggle-icons" data-component="toggle-dropdown">
																			<a href="https://www.xilinx.com/products/silicon-devices.html">
																			Products</a>
																		</li>
																		<li class="accordion-toggle-icons" data-component="toggle-dropdown">
																			<a href="https://developer.xilinx.com/">
																			Developers</a>
																		</li>
																		<li class="accordion-toggle-icons" data-component="toggle-dropdown">
																			<a href="https://www.xilinx.com/support.html">
																			Support</a>
																		</li>
																		<li class="accordion-toggle-icons" data-component="toggle-dropdown">
																			<a href="https://www.xilinx.com/about/company-overview.html">
																			About</a>
																		</li>
																	</ul>
																</div>
															</div>
															<script type="text/javascript" src="../../../../../_static/js/gtm.js"></script>
															<!--<div class="mini-nav">
																<button type="button" data-function="xilinx-mobile-menu" id="nav-toggle" class="navbar-toggle collapsed visible-xs-block" aria-expanded="false">
																<span></span>
																<span></span>
																<span></span>
																<span></span>
																</button>
																<ul class="list-inline">
																	<li class="dropdown user-menu">
																		<button data-toggle="dropdown">
																		<span class="sr-only">Account</span>
																		<span class="fas fa-user"></span>
																		</button>
																		<ul class="dropdown-menu">
																			<li>
																				<a href="https://www.xilinx.com/myprofile/subscriptions.html">
																				My Account</a>
																			</li>
																			<li>
																				<a href="https://www.xilinx.com/registration/create-account.html">
																				Create Account</a>
																			</li>
																			<li>
																				<a href="https://www.xilinx.com/bin/protected/en/signout">
																				Sign Out</a>
																			</li>
																		</ul>
																	</li>
																	<li class="hidden-xs">
																		<button data-function="search-toggle">
																		<span class="sr-only">Search</span>
																		<span class="far fa-search"></span>
																		</button>
																	</li>
																</ul>
															</div>
															-->
															<div class="search-container">
																<div id="headerSearchBox" class="headerSearch"
																	data-component="header-search"
																	data-redirect-if-empty="false"
																	data-coveo-access-token="xxa237d4dd-f0aa-47fc-9baa-af9121851b33"
																	data-coveo-organization-id="xilinxcomprode2rjoqok">
																	<div class='coveo-search-section'>
																		<div class="CoveoAnalytics" data-search-hub="Site"></div>
																		<ul class="dropdown-menu options">
																			<li class="option" data-label="All" data-action-link="https://www.xilinx.com/search/site-keyword-search.html" data-search-hub="Site">
																				<a href="#">
																				All</a>
																			</li>
																			<li data-label="Silicon Devices" data-action-link="https://www.xilinx.com/products/silicon-devices/si-keyword-search.html" data-search-hub="Product">
																				<a href="#">
																				Silicon Devices</a>
																			</li>
																			<li data-label="Boards and Kits" data-action-link="https://www.xilinx.com/products/boards-and-kits/bk-keyword-search.html" data-search-hub="Product">
																				<a href="#">
																				Boards and Kits</a>
																			</li>
																			<li data-label="Intellectual Property" data-action-link="https://www.xilinx.com/products/intellectual-property/ip-keyword-search.html" data-search-hub="Product">
																				<a href="#">
																				Intellectual Property</a>
																			</li>
																			<li data-label="Support" class="option" data-action-link="https://www.xilinx.com/search/support-keyword-search.html" data-search-hub="Support">
																				<a href="#">
																				Support</a>
																				<ul>
																					<li data-label="Documentation" data-action-link="https://www.xilinx.com/support/documentation-navigation/documentation-keyword-search.html" data-search-hub="Document">
																						<a href="#">
																						Documentation</a>
																					</li>
																					<li data-label="Knowledge Base" data-action-link="https://www.xilinx.com/support/answer-navigation/answer-keyword-search.html" data-search-hub="AnswerRecord">
																						<a href="#">
																						Knowledge Base</a>
																					</li>
																					<li data-label="Community Forums" data-action-link="https://www.xilinx.com/search/forums-keyword-search.html" data-search-hub="Forums">
																						<a href="#">
																						Community Forums</a>
																					</li>
																				</ul>
																			</li>
																			<li data-label="Partners" data-action-link="https://www.xilinx.com/alliance/member-keyword-search.html" data-search-hub="Partner">
																				<a href="#">
																				Partners</a>
																			</li>
																			<li data-label="Videos" data-action-link="https://www.xilinx.com/video/video-keyword-search.html" data-search-hub="Video">
																				<a href="#">
																				Videos</a>
																			</li>
																			<li data-label="Press" data-action-link="https://www.xilinx.com/search/press-keyword-search.html" data-search-hub="Press">
																				<a href="#">
																				Press</a>
																			</li>
																		</ul>
																		<a href="#" class="btn dropdown-toggle value" data-toggle="dropdown"></a>
																		<div class="CoveoSearchbox" data-id="coveosearchbox" data-action-link="https://www.xilinx.com/search/site-keyword-search.html" data-placeholder="Search Xilinx"></div>
																	</div>
																</div>
																<button data-function="search-toggle">
																<span class="sr-only">Search</span>
																<span class="far fa-times"></span>
																</button>
															</div>
														</div>
													</div>
												</div>
											</div>
										</nav>
									</header>
								</noindex>
							</div>
						</div>
					</div>
				</div>
				<div class="parsys aem-GridColumn--xxxlarge--none aem-GridColumn--xlarge--none aem-GridColumn--xxlarge--none aem-GridColumn--default--none aem-GridColumn--offset--large--1 aem-GridColumn--xlarge--12 aem-GridColumn--offset--default--0 aem-GridColumn--xxlarge--10 aem-GridColumn--offset--xlarge--2 aem-GridColumn--offset--xxlarge--3 aem-GridColumn--offset--xxxlarge--4 aem-GridColumn--large--none aem-GridColumn aem-GridColumn--large--14 aem-GridColumn--xxxlarge--8 aem-GridColumn--default--16">
						<div class="container-fluid">
							<div class="row">
							<div class="col-xs-12">
   
  <div class="wy-grid-for-nav">
    
    <nav data-toggle="wy-nav-shift" class="wy-nav-side">
      <div class="wy-side-scroll">
        <div class="wy-side-nav-search" >
          

          
            <a href="../../../../../index.html" class="icon icon-home" alt="Documentation Home"> Vitis™ Tutorials
          

          
          </a>

          
            
            
              <div class="version">
                2021.1
              </div>
            
          

          
<div role="search">
  <form id="rtd-search-form" class="wy-form" action="../../../../../search.html" method="get">
    <input type="text" name="q" placeholder="Search docs" />
    <input type="hidden" name="check_keywords" value="yes" />
    <input type="hidden" name="area" value="default" />
  </form>
</div>

          
        </div>

      
        <div class="wy-menu wy-menu-vertical" data-spy="affix" role="navigation" aria-label="main navigation">
            
            
            
              
            
            
              <p class="caption"><span class="caption-text">日本語版</span></p>
<ul>
<li class="toctree-l1"><a class="reference external" href="https://xilinx.github.io/Vitis-Tutorials/master/docs-jp/index.html">Master</a></li>
</ul>
<p class="caption"><span class="caption-text">Introduction</span></p>
<ul>
<li class="toctree-l1"><a class="reference internal" href="../../../../Getting_Started/Vitis-Getting-Started.html">Getting Started</a></li>
</ul>
<p class="caption"><span class="caption-text">Acceleration</span></p>
<ul>
<li class="toctree-l1"><a class="reference internal" href="../../../../Hardware_Acceleration/Hardware-Acceleration.html">Hardware Acceleration</a></li>
</ul>
<p class="caption"><span class="caption-text">AI Engine</span></p>
<ul>
<li class="toctree-l1"><a class="reference internal" href="../../../../AI_Engine_Development/AI_Engine_Development.html">AI Engine Development</a></li>
</ul>
<p class="caption"><span class="caption-text">Platforms</span></p>
<ul>
<li class="toctree-l1"><a class="reference internal" href="../../../Vitis_Platform_Creation.html">Vitis Platform Creation</a></li>
</ul>
<p class="caption"><span class="caption-text">Other Versions</span></p>
<ul>
<li class="toctree-l1"><a class="reference external" href="https://xilinx.github.io/Vitis-Tutorials/2020-2/docs/index.html">2020.2</a></li>
<li class="toctree-l1"><a class="reference external" href="https://xilinx.github.io/Vitis-Tutorials/2020-1/docs/README.html">2020.1</a></li>
</ul>

            
			
			<p class="caption"><span class="caption-text">This Page</span></p>
				<ul class="current">
				  <li class="toctree-l1"><a href="../../../../../_sources/docs/Vitis_Platform_Creation/Feature_Tutorials/01_platform_creation_streaming_ip/golden/kernel_modifications.md.txt"
						rel="nofollow">Show Source</a></li>
				</ul>
          
        </div>
        
      </div>
    </nav>

    <section data-toggle="wy-nav-shift" class="wy-nav-content-wrap">

      
      <nav class="wy-nav-top" aria-label="top navigation">
        
          <i data-toggle="wy-nav-top" class="fa fa-bars"></i>
          <a href="../../../../../index.html">Vitis™ Tutorials</a>
        
      </nav>


      <div class="wy-nav-content">
        
        <div class="rst-content">
        
          















<div role="navigation" aria-label="breadcrumbs navigation">

  <ul class="wy-breadcrumbs">
    
      <li><a href="../../../../../index.html" class="icon icon-home"></a> &raquo;</li>
        
      <li>1. Include necessary file headers.</li>
    
    
      <li class="wy-breadcrumbs-aside">
        
            
            <a href="../../../../../_sources/docs/Vitis_Platform_Creation/Feature_Tutorials/01_platform_creation_streaming_ip/golden/kernel_modifications.md.txt" rel="nofollow"> View page source</a>
          
        
      </li>
    
  </ul>

  
  <hr/>
</div>
          <div role="main" class="document" itemscope="itemscope" itemtype="http://schema.org/Article">
           <div itemprop="articleBody">
            
  <p>Here it lists the changes required for the vadd kernel for this tutorial. Please mind that this is just one example and there are also other ways to implement the same functions.</p>
<div class="section" id="include-necessary-file-headers">
<h1>1. Include necessary file headers.<a class="headerlink" href="#include-necessary-file-headers" title="Permalink to this headline">¶</a></h1>
<p>Add following ‘include’ commands at the beginning of the file, just before the ‘define’ command.</p>
<p><em><strong>OLD</strong></em>:</p>
<div class="highlight-default notranslate"><div class="highlight"><pre><span></span><span class="c1">#define BUFFER_SIZE 256</span>
<span class="c1">#define DATA_SIZE 4096</span>
</pre></div>
</div>
<p><em><strong>NEW</strong></em>:</p>
<div class="highlight-default notranslate"><div class="highlight"><pre><span></span><span class="c1">#include &quot;ap_int.h&quot;</span>
<span class="c1">#include &quot;ap_axi_sdata.h&quot;</span>
<span class="c1">#include &quot;hls_stream.h&quot;</span>

<span class="c1">#define BUFFER_SIZE 256</span>
<span class="c1">#define DATA_SIZE 4096</span>
</pre></div>
</div>
</div>
<div class="section" id="define-the-axi-stream-data-type">
<h1>2. Define the AXI stream data type<a class="headerlink" href="#define-the-axi-stream-data-type" title="Permalink to this headline">¶</a></h1>
<p>Define a new ‘pkt’ type before the kernel function definition.</p>
<p><em><strong>OLD</strong></em></p>
<div class="highlight-default notranslate"><div class="highlight"><pre><span></span><span class="n">extern</span> <span class="s2">&quot;C&quot;</span> <span class="p">{</span>
<span class="n">void</span> <span class="n">krnl_vadd</span><span class="p">(</span><span class="o">...</span>
  <span class="p">){</span>
<span class="o">...</span>
</pre></div>
</div>
<p><em><strong>NEW</strong></em></p>
<div class="highlight-default notranslate"><div class="highlight"><pre><span></span><span class="n">typedef</span> <span class="n">ap_axis</span><span class="o">&lt;</span><span class="mi">15</span><span class="p">,</span> <span class="mi">0</span><span class="p">,</span> <span class="mi">0</span><span class="p">,</span> <span class="mi">0</span><span class="o">&gt;</span> <span class="n">pkt</span><span class="p">;</span>
<span class="n">extern</span> <span class="s2">&quot;C&quot;</span> <span class="p">{</span>
<span class="n">void</span> <span class="n">krnl_vadd</span><span class="p">(</span><span class="o">...</span>
  <span class="p">){</span>
<span class="o">...</span>
</pre></div>
</div>
</div>
<div class="section" id="add-more-ports-to-the-kernel-functions">
<h1>3. Add more ports to the kernel functions<a class="headerlink" href="#add-more-ports-to-the-kernel-functions" title="Permalink to this headline">¶</a></h1>
<p>Modify the kernel function to include more ports for interacting with the IP inside platform.</p>
<p><em><strong>OLD</strong></em></p>
<div class="highlight-default notranslate"><div class="highlight"><pre><span></span><span class="n">extern</span> <span class="s2">&quot;C&quot;</span> <span class="p">{</span>
<span class="n">void</span> <span class="n">krnl_vadd</span><span class="p">(</span><span class="n">const</span> <span class="n">unsigned</span> <span class="nb">int</span> <span class="o">*</span><span class="n">in1</span><span class="p">,</span> <span class="o">//</span> <span class="n">Read</span><span class="o">-</span><span class="n">Only</span> <span class="n">Vector</span> <span class="mi">1</span>
          <span class="n">const</span> <span class="n">unsigned</span> <span class="nb">int</span> <span class="o">*</span><span class="n">in2</span><span class="p">,</span> <span class="o">//</span> <span class="n">Read</span><span class="o">-</span><span class="n">Only</span> <span class="n">Vector</span> <span class="mi">2</span>
          <span class="n">unsigned</span> <span class="nb">int</span> <span class="o">*</span><span class="n">out_r</span><span class="p">,</span>     <span class="o">//</span> <span class="n">Output</span> <span class="n">Result</span>
          <span class="nb">int</span> <span class="n">size</span>                 <span class="o">//</span> <span class="n">Size</span> <span class="ow">in</span> <span class="n">integer</span>
<span class="p">)</span>
</pre></div>
</div>
<p><em><strong>NEW</strong></em></p>
<div class="highlight-default notranslate"><div class="highlight"><pre><span></span><span class="n">extern</span> <span class="s2">&quot;C&quot;</span> <span class="p">{</span>
<span class="n">void</span> <span class="n">krnl_vadd</span><span class="p">(</span><span class="n">const</span> <span class="n">unsigned</span> <span class="nb">int</span> <span class="o">*</span><span class="n">in1</span><span class="p">,</span> <span class="o">//</span> <span class="n">Read</span><span class="o">-</span><span class="n">Only</span> <span class="n">Vector</span> <span class="mi">1</span>
          <span class="n">const</span> <span class="n">unsigned</span> <span class="nb">int</span> <span class="o">*</span><span class="n">in2</span><span class="p">,</span> <span class="o">//</span> <span class="n">Read</span><span class="o">-</span><span class="n">Only</span> <span class="n">Vector</span> <span class="mi">2</span>
          <span class="n">unsigned</span> <span class="nb">int</span> <span class="o">*</span><span class="n">out_r</span><span class="p">,</span>     <span class="o">//</span> <span class="n">Output</span> <span class="n">Result</span>
          <span class="nb">int</span> <span class="n">size</span><span class="p">,</span>                <span class="o">//</span> <span class="n">Size</span> <span class="ow">in</span> <span class="n">integer</span>
		  <span class="nb">int</span> <span class="o">*</span><span class="n">wave_out</span><span class="p">,</span>  <span class="o">//</span> <span class="n">Output</span> <span class="n">DDS</span> <span class="n">wave</span> <span class="n">data</span>
		  <span class="n">hls</span><span class="p">::</span><span class="n">stream</span><span class="o">&lt;</span><span class="n">pkt</span><span class="o">&gt;</span> <span class="o">&amp;</span><span class="n">dds_in</span>  <span class="o">//</span> <span class="n">Input</span> <span class="n">DDS</span> <span class="n">wave</span> <span class="n">data</span> <span class="kn">from</span> <span class="nn">platform</span> <span class="n">IP</span>
<span class="p">)</span>
</pre></div>
</div>
</div>
<div class="section" id="add-a-piece-of-logic-in-the-kernel-function-body">
<h1>4. Add a piece of logic in the kernel function body<a class="headerlink" href="#add-a-piece-of-logic-in-the-kernel-function-body" title="Permalink to this headline">¶</a></h1>
<p>This logic simply read the data into the kernel and then send it out through another port. You can add it into any place and here is an example of adding it at the end of the function body.</p>
<p><em><strong>OLD</strong></em></p>
<div class="highlight-default notranslate"><div class="highlight"><pre><span></span><span class="n">vadd_writeC</span><span class="p">:</span> <span class="k">for</span> <span class="p">(</span><span class="nb">int</span> <span class="n">j</span> <span class="o">=</span> <span class="mi">0</span><span class="p">;</span> <span class="n">j</span> <span class="o">&lt;</span> <span class="n">chunk_size</span><span class="p">;</span> <span class="n">j</span><span class="o">++</span><span class="p">)</span> <span class="p">{</span>
<span class="c1">#pragma HLS LOOP_TRIPCOUNT min=c_size max=c_size</span>
  <span class="o">//</span><span class="n">perform</span> <span class="n">vector</span> <span class="n">addition</span>
  <span class="n">out_r</span><span class="p">[</span><span class="n">i</span><span class="o">+</span><span class="n">j</span><span class="p">]</span> <span class="o">=</span> <span class="n">v1_buffer</span><span class="p">[</span><span class="n">j</span><span class="p">]</span> <span class="o">+</span> <span class="n">in2</span><span class="p">[</span><span class="n">i</span><span class="o">+</span><span class="n">j</span><span class="p">];</span>
<span class="p">}</span>
<span class="p">}</span>
<span class="p">}</span>
<span class="p">}</span>
</pre></div>
</div>
<p><em><strong>NEW</strong></em></p>
<div class="highlight-default notranslate"><div class="highlight"><pre><span></span><span class="n">vadd_writeC</span><span class="p">:</span> <span class="k">for</span> <span class="p">(</span><span class="nb">int</span> <span class="n">j</span> <span class="o">=</span> <span class="mi">0</span><span class="p">;</span> <span class="n">j</span> <span class="o">&lt;</span> <span class="n">chunk_size</span><span class="p">;</span> <span class="n">j</span><span class="o">++</span><span class="p">)</span> <span class="p">{</span>
<span class="c1">#pragma HLS LOOP_TRIPCOUNT min=c_size max=c_size</span>
  <span class="o">//</span><span class="n">perform</span> <span class="n">vector</span> <span class="n">addition</span>
  <span class="n">out_r</span><span class="p">[</span><span class="n">i</span><span class="o">+</span><span class="n">j</span><span class="p">]</span> <span class="o">=</span> <span class="n">v1_buffer</span><span class="p">[</span><span class="n">j</span><span class="p">]</span> <span class="o">+</span> <span class="n">in2</span><span class="p">[</span><span class="n">i</span><span class="o">+</span><span class="n">j</span><span class="p">];</span>
<span class="p">}</span>
<span class="p">}</span>

<span class="k">for</span> <span class="p">(</span><span class="nb">int</span> <span class="n">i</span> <span class="o">=</span> <span class="mi">0</span><span class="p">;</span> <span class="n">i</span> <span class="o">&lt;</span> <span class="mi">1024</span><span class="p">;</span> <span class="n">i</span><span class="o">++</span><span class="p">)</span> <span class="p">{</span>
  <span class="c1">#pragma HLS PIPELINE II = 1</span>
  <span class="n">pkt</span> <span class="n">value</span> <span class="o">=</span> <span class="n">dds_in</span><span class="o">.</span><span class="n">read</span><span class="p">();</span>
  <span class="n">wave_out</span><span class="p">[</span><span class="n">i</span><span class="p">]</span> <span class="o">=</span> <span class="n">value</span><span class="o">.</span><span class="n">data</span><span class="p">;</span>
<span class="p">}</span>
<span class="p">}</span>
<span class="p">}</span>
</pre></div>
</div>
</div>
<div class="section" id="license">
<h1>License<a class="headerlink" href="#license" title="Permalink to this headline">¶</a></h1>
<p>Licensed under the Apache License, Version 2.0 (the “License”); you may not use this file except in compliance with the License.</p>
<p>You may obtain a copy of the License at <a class="reference external" href="http://www.apache.org/licenses/LICENSE-2.0">http://www.apache.org/licenses/LICENSE-2.0</a></p>
<p>Unless required by applicable law or agreed to in writing, software distributed under the License is distributed on an “AS IS” BASIS, WITHOUT WARRANTIES OR CONDITIONS OF ANY KIND, either express or implied. See the License for the specific language governing permissions and limitations under the License.</p>
</div>


           </div>
           
          </div>
          <footer>
<!-- Atalwar: Moved the footer code to layout.html to resolve conflict with the Xilinx template -->
</footer>

        </div>
      </div>


	  <!-- Sphinx Page Footer block -->
  

  <hr/>

  <div role="contentinfo" class="copyright">
    <p class="footerinfo">
      <span class="lastupdated">
        Last updated on November 15, 2021.
      </span>

    </p>
	<br>
  </div>
      </div>
    </section>


  

  <script type="text/javascript">
      jQuery(function () {
          SphinxRtdTheme.Navigation.enable(true);
      });
  </script>

   <script type="text/javascript">
    jQuery(function() { Search.loadIndex("searchindex.js"); });
  </script>

  <script type="text/javascript" id="searchindexloader"></script>


  
  
    
  



  <!--  Xilinx template footer block -->
							</div>
						</div>
					</div>
				</div>
				<div class="xilinxExperienceFragments experiencefragment aem-GridColumn--default--none aem-GridColumn aem-GridColumn--offset--default--0 aem-GridColumn--default--16">
					<div class="xf-content-height">
						<div class="aem-Grid aem-Grid--16 aem-Grid--default--16 ">
							<div class="footer parbase aem-GridColumn--default--none aem-GridColumn aem-GridColumn--offset--default--0 aem-GridColumn--default--16">
								<noindex>
                  <!-- make footer fixed - NileshP -->
                  <style>
                        .footer {
                        position: fixed;
                        left: 0;
                        bottom: 0;
                        width: 100%;
                        }
                  </style>
                  <!-- make footer fixed NileshP-->
									<footer>
										<div class="aem-Grid aem-Grid--16">
											<div class="aem-GridColumn aem-GridColumn--xxxlarge--none aem-GridColumn--xsmall--16 aem-GridColumn--offset--xsmall--0 aem-GridColumn--xlarge--none aem-GridColumn--xxlarge--none aem-GridColumn--default--none aem-GridColumn--offset--large--1 aem-GridColumn--xlarge--12 aem-GridColumn--offset--default--0 aem-GridColumn--xxlarge--10 aem-GridColumn--offset--xlarge--2 aem-GridColumn--offset--xxlarge--3 aem-GridColumn--offset--xxxlarge--4 aem-GridColumn--xsmall--none aem-GridColumn--large--none aem-GridColumn aem-GridColumn--large--14 aem-GridColumn--xxxlarge--8 aem-GridColumn--default--16">
												<div class="container-fluid sub-footer">
													<div class="row">
														<div class="footerSocial parbase">
															<div class="col-md-push-6 col-lg-push-6 col-md-6 col-lg-6">
																<ul class="list-inline pull-right social-menu">
																	<li>
																		<a href="https://www.linkedin.com/company/xilinx">
																		<span class="linkedin icon"></span>
																		<span class="sr-only">Connect on LinkedIn</span>
																		</a>
																	</li>
																	<li>
																		<a href="https://www.twitter.com/XilinxInc">
																		<span class="twitter icon"></span>
																		<span class="sr-only">Follow us on Twitter</span>
																		</a>
																	</li>
																	<li>
																		<a href="https://www.facebook.com/XilinxInc">
																		<span class="facebook icon"></span>
																		<span class="sr-only">Connect on Facebook</span>
																		</a>
																	</li>
																	<li>
																		<a href="https://www.youtube.com/XilinxInc">
																		<span class="youtube icon"></span>
																		<span class="sr-only">Watch us on YouTube</span>
																		</a>
																	</li>
																	<li>
																		<a href="https://www.xilinx.com/registration/subscriber-signup.html">
																		<span class="newsletter icon"></span>
																		<span class="sr-only">Subscribe to Newsletter</span>
																		</a>
																	</li>
																</ul>
															</div>
														</div>
														<div class="col-md-pull-6 col-lg-pull-6 col-md-6 col-lg-6">
															<span class="copyright">
                                  
                                  &copy; 2021, Xilinx, Inc.
                              </span>
															<ul class="list-inline sub-menu">
																<li>
																	<a href="https://www.xilinx.com/about/privacy-policy.html">Privacy</a>
																</li>
																<li>
																	<a href="https://www.xilinx.com/about/legal.html">Legal</a>
																</li>
																<li>
																	<a href="https://www.xilinx.com/about/contact.html">Contact</a>
																</li>
															</ul>
														</div>
													</div>
												</div>
											</div>
										</div>
									</footer>
								</noindex>
							</div>
						</div>
					</div>
				</div>
				<div class="quicklinks parbase aem-GridColumn--default--none aem-GridColumn aem-GridColumn--offset--default--0 aem-GridColumn--default--16">
					<noindex>
						<span class="quickLinks">
							<ul>
								<li>
									<a href="#top" class="btn backToTop">
									<span class="fas fa-angle-up" aria-hidden="true"></span>
									</a>
								</li>
							</ul>
						</span>
					</noindex>
				</div>
			</div>
		</div>
		<script>window.CQ = window.CQ || {}</script>
		<script src="https://static.cloud.coveo.com/searchui/v2.4382/js/CoveoJsSearch.Lazy.min.js"></script>
		<script>
			var underscoreSetup = function () {
			  _.templateSettings.interpolate = /\{\{=([^-][\S\s]+?)\}\}/g;
			  _.templateSettings.evaluate = /\{\{([^-=][\S\s]+?)\}\}/g;
			  _.templateSettings.escape = /\{\{-([^=][\S\s]+?)\}\}/g;
			}

			underscoreSetup();
		</script>
	</body>
</html>