<!DOCTYPE html>
<html class="writer-html5" lang="en" >
<head>
  <meta charset="utf-8" /><meta name="generator" content="Docutils 0.17.1: http://docutils.sourceforge.net/" />

  <meta name="viewport" content="width=device-width, initial-scale=1.0" />
  
<!-- OneTrust Cookies Consent Notice start for xilinx.github.io -->

<script src="https://cdn.cookielaw.org/scripttemplates/otSDKStub.js" data-document-language="true" type="text/javascript" charset="UTF-8" data-domain-script="03af8d57-0a04-47a6-8f10-322fa00d8fc7" ></script>
<script type="text/javascript">
function OptanonWrapper() { }
</script>
<!-- OneTrust Cookies Consent Notice end for xilinx.github.io -->
  <title>1. Include necessary file headers. &mdash; Vitis™ Tutorials 2021.2 documentation</title>
      <link rel="stylesheet" href="../../../../../_static/pygments.css" type="text/css" />
      <link rel="stylesheet" href="../../../../../_static/css/theme.css" type="text/css" />
      <link rel="stylesheet" href="../../../../../_static/_static/custom.css" type="text/css" />
  <!--[if lt IE 9]>
    <script src="../../../../../_static/js/html5shiv.min.js"></script>
  <![endif]-->
  
        <script data-url_root="../../../../../" id="documentation_options" src="../../../../../_static/documentation_options.js"></script>
        <script src="../../../../../_static/jquery.js"></script>
        <script src="../../../../../_static/underscore.js"></script>
        <script src="../../../../../_static/_sphinx_javascript_frameworks_compat.js"></script>
        <script src="../../../../../_static/doctools.js"></script>
    <script src="../../../../../_static/js/theme.js"></script>
    <link rel="index" title="Index" href="../../../../../genindex.html" />
    <link rel="search" title="Search" href="../../../../../search.html" /> 
</head>

<body class="wy-body-for-nav"> 
  <div class="wy-grid-for-nav">
    <nav data-toggle="wy-nav-shift" class="wy-nav-side">
      <div class="wy-side-scroll">
        <div class="wy-side-nav-search">
            <a href="../../../../../index.html" class="icon icon-home"> Vitis™ Tutorials
            <img src="../../../../../_static/xilinx-header-logo.svg" class="logo" alt="Logo"/>
          </a>
              <div class="version">
                2021.2
              </div>
<div role="search">
  <form id="rtd-search-form" class="wy-form" action="../../../../../search.html" method="get">
    <input type="text" name="q" placeholder="Search docs" />
    <input type="hidden" name="check_keywords" value="yes" />
    <input type="hidden" name="area" value="default" />
  </form>
</div>
        </div><div class="wy-menu wy-menu-vertical" data-spy="affix" role="navigation" aria-label="Navigation menu">
              <p class="caption" role="heading"><span class="caption-text">日本語版</span></p>
<ul>
<li class="toctree-l1"><a class="reference external" href="https://xilinx.github.io/Vitis-Tutorials/master/docs-jp/index.html">Master</a></li>
</ul>
<p class="caption" role="heading"><span class="caption-text">Introduction</span></p>
<ul>
<li class="toctree-l1"><a class="reference internal" href="../../../../Getting_Started/Vitis-Getting-Started.html">Getting Started</a></li>
</ul>
<p class="caption" role="heading"><span class="caption-text">Acceleration</span></p>
<ul>
<li class="toctree-l1"><a class="reference internal" href="../../../../Hardware_Acceleration/Hardware-Acceleration.html">Hardware Acceleration</a></li>
</ul>
<p class="caption" role="heading"><span class="caption-text">AI Engine</span></p>
<ul>
<li class="toctree-l1"><a class="reference internal" href="../../../../AI_Engine_Development/AI_Engine_Development.html">AI Engine Development</a></li>
</ul>
<p class="caption" role="heading"><span class="caption-text">Platforms</span></p>
<ul>
<li class="toctree-l1"><a class="reference internal" href="../../../Vitis_Platform_Creation.html">Vitis Platform Creation</a></li>
</ul>
<p class="caption" role="heading"><span class="caption-text">Other Versions</span></p>
<ul>
<li class="toctree-l1"><a class="reference external" href="https://xilinx.github.io/Vitis-Tutorials/2021-1/build/html/index.html">2021.1</a></li>
<li class="toctree-l1"><a class="reference external" href="https://xilinx.github.io/Vitis-Tutorials/2020-2/docs/index.html">2020.2</a></li>
<li class="toctree-l1"><a class="reference external" href="https://xilinx.github.io/Vitis-Tutorials/2020-1/docs/README.html">2020.1</a></li>
</ul>

        </div>
      </div>
    </nav>

    <section data-toggle="wy-nav-shift" class="wy-nav-content-wrap"><nav class="wy-nav-top" aria-label="Mobile navigation menu"  style="background: black" >
          <i data-toggle="wy-nav-top" class="fa fa-bars"></i>
          <a href="../../../../../index.html">Vitis™ Tutorials</a>
      </nav>

      <div class="wy-nav-content">
        <div class="rst-content">
          <div role="navigation" aria-label="Page navigation">
  <ul class="wy-breadcrumbs">
      <li><a href="../../../../../index.html" class="icon icon-home"></a> &raquo;</li>
      <li>1. Include necessary file headers.</li>
      <li class="wy-breadcrumbs-aside">
            <a href="../../../../../_sources/docs/Vitis_Platform_Creation/Feature_Tutorials/01_platform_creation_streaming_ip/golden/kernel_modifications.md.txt" rel="nofollow"> View page source</a>
      </li>
  </ul>
  <hr/>
</div>
          <div role="main" class="document" itemscope="itemscope" itemtype="http://schema.org/Article">
           <div itemprop="articleBody">
             
  <p>Here it lists the changes required for the vadd kernel for this tutorial. Please mind that this is just one example and there are also other ways to implement the same functions.</p>
<section id="include-necessary-file-headers">
<h1>1. Include necessary file headers.<a class="headerlink" href="#include-necessary-file-headers" title="Permalink to this heading">¶</a></h1>
<p>Add following ‘include’ commands at the beginning of the file, just before the ‘define’ command.</p>
<p><em><strong>OLD</strong></em>:</p>
<div class="highlight-default notranslate"><div class="highlight"><pre><span></span><span class="c1">#define DATA_SIZE 4096</span>
</pre></div>
</div>
<p><em><strong>NEW</strong></em>:</p>
<div class="highlight-default notranslate"><div class="highlight"><pre><span></span><span class="c1">#include &quot;ap_int.h&quot;</span>
<span class="c1">#include &quot;ap_axi_sdata.h&quot;</span>
<span class="c1">#include &quot;hls_stream.h&quot;</span>

<span class="c1">#define DATA_SIZE 4096</span>
</pre></div>
</div>
</section>
<section id="define-the-axi-stream-data-type">
<h1>2. Define the AXI stream data type<a class="headerlink" href="#define-the-axi-stream-data-type" title="Permalink to this heading">¶</a></h1>
<p>Define a new ‘pkt’ type before the kernel function definition.</p>
<p><em><strong>OLD</strong></em></p>
<div class="highlight-default notranslate"><div class="highlight"><pre><span></span><span class="n">extern</span> <span class="s2">&quot;C&quot;</span> <span class="p">{</span>
<span class="n">void</span> <span class="n">krnl_vadd</span><span class="p">(</span><span class="o">...</span>
  <span class="p">){</span>
<span class="o">...</span>
</pre></div>
</div>
<p><em><strong>NEW</strong></em></p>
<div class="highlight-default notranslate"><div class="highlight"><pre><span></span><span class="n">typedef</span> <span class="n">ap_axis</span><span class="o">&lt;</span><span class="mi">15</span><span class="p">,</span> <span class="mi">0</span><span class="p">,</span> <span class="mi">0</span><span class="p">,</span> <span class="mi">0</span><span class="o">&gt;</span> <span class="n">pkt</span><span class="p">;</span>
<span class="n">extern</span> <span class="s2">&quot;C&quot;</span> <span class="p">{</span>
<span class="n">void</span> <span class="n">krnl_vadd</span><span class="p">(</span><span class="o">...</span>
  <span class="p">){</span>
<span class="o">...</span>
</pre></div>
</div>
</section>
<section id="add-more-ports-to-the-kernel-functions">
<h1>3. Add more ports to the kernel functions<a class="headerlink" href="#add-more-ports-to-the-kernel-functions" title="Permalink to this heading">¶</a></h1>
<p>Modify the kernel function to include more ports for interacting with the IP inside platform.</p>
<p><em><strong>OLD</strong></em></p>
<div class="highlight-default notranslate"><div class="highlight"><pre><span></span><span class="n">extern</span> <span class="s2">&quot;C&quot;</span> <span class="p">{</span>
<span class="n">void</span> <span class="n">krnl_vadd</span><span class="p">(</span><span class="n">uint32_t</span><span class="o">*</span> <span class="n">in1</span><span class="p">,</span> <span class="n">uint32_t</span><span class="o">*</span> <span class="n">in2</span><span class="p">,</span> <span class="n">uint32_t</span><span class="o">*</span> <span class="n">out</span><span class="p">,</span> <span class="nb">int</span> <span class="n">size</span><span class="p">)</span> <span class="p">{</span>
</pre></div>
</div>
<p><em><strong>NEW</strong></em></p>
<div class="highlight-default notranslate"><div class="highlight"><pre><span></span><span class="n">void</span> <span class="n">krnl_vadd</span><span class="p">(</span><span class="n">uint32_t</span><span class="o">*</span> <span class="n">in1</span><span class="p">,</span> <span class="n">uint32_t</span><span class="o">*</span> <span class="n">in2</span><span class="p">,</span> <span class="n">uint32_t</span><span class="o">*</span> <span class="n">out</span><span class="p">,</span> <span class="nb">int</span> <span class="n">size</span><span class="p">,</span> <span class="nb">int</span> <span class="o">*</span><span class="n">wave_out</span><span class="p">,</span> <span class="n">hls</span><span class="p">::</span><span class="n">stream</span><span class="o">&lt;</span><span class="n">pkt</span><span class="o">&gt;</span> <span class="o">&amp;</span><span class="n">dds_in</span><span class="p">)</span> <span class="p">{</span>
</pre></div>
</div>
</section>
<section id="add-a-piece-of-logic-in-the-kernel-function-body">
<h1>4. Add a piece of logic in the kernel function body<a class="headerlink" href="#add-a-piece-of-logic-in-the-kernel-function-body" title="Permalink to this heading">¶</a></h1>
<p>This logic simply read the data into the kernel and then send it out through another port. You can add it into any place and here is an example of adding it at the end of the function body.</p>
<p><em><strong>OLD</strong></em></p>
<div class="highlight-default notranslate"><div class="highlight"><pre><span></span><span class="n">store_result</span><span class="p">(</span><span class="n">out</span><span class="p">,</span> <span class="n">out_stream</span><span class="p">,</span> <span class="n">size</span><span class="p">);</span>
</pre></div>
</div>
<p><em><strong>NEW</strong></em></p>
<div class="highlight-default notranslate"><div class="highlight"><pre><span></span><span class="n">store_result</span><span class="p">(</span><span class="n">out</span><span class="p">,</span> <span class="n">out_stream</span><span class="p">,</span> <span class="n">size</span><span class="p">);</span>

<span class="k">for</span> <span class="p">(</span><span class="nb">int</span> <span class="n">i</span> <span class="o">=</span> <span class="mi">0</span><span class="p">;</span> <span class="n">i</span> <span class="o">&lt;</span> <span class="mi">1024</span><span class="p">;</span> <span class="n">i</span><span class="o">++</span><span class="p">)</span> <span class="p">{</span>
<span class="c1">#pragma HLS PIPELINE II = 1</span>
   <span class="n">pkt</span> <span class="n">value</span> <span class="o">=</span> <span class="n">dds_in</span><span class="o">.</span><span class="n">read</span><span class="p">();</span>
   <span class="n">wave_out</span><span class="p">[</span><span class="n">i</span><span class="p">]</span> <span class="o">=</span> <span class="n">value</span><span class="o">.</span><span class="n">data</span><span class="p">;</span>

<span class="p">}</span>
</pre></div>
</div>
</section>
<section id="license">
<h1>License<a class="headerlink" href="#license" title="Permalink to this heading">¶</a></h1>
<p>Licensed under the Apache License, Version 2.0 (the “License”); you may not use this file except in compliance with the License.</p>
<p>You may obtain a copy of the License at <a class="reference external" href="http://www.apache.org/licenses/LICENSE-2.0">http://www.apache.org/licenses/LICENSE-2.0</a></p>
<p>Unless required by applicable law or agreed to in writing, software distributed under the License is distributed on an “AS IS” BASIS, WITHOUT WARRANTIES OR CONDITIONS OF ANY KIND, either express or implied. See the License for the specific language governing permissions and limitations under the License.</p>
</section>


           </div>
          </div>
          
                  <style>
                        .footer {
                        position: fixed;
                        left: 0;
                        bottom: 0;
                        width: 100%;
                        }
                  </style>
				  
				  <footer>

  <hr/>

  <div role="contentinfo">
    <p>&#169; Copyright 2019-2022, Xilinx, Inc. Xilinx is now a part of AMD.
      <span class="lastupdated">Last updated on July 27, 2022.
      </span></p>
  </div>



										<div class="aem-Grid aem-Grid--16">
											<div class="aem-GridColumn aem-GridColumn--xxxlarge--none aem-GridColumn--xsmall--16 aem-GridColumn--offset--xsmall--0 aem-GridColumn--xlarge--none aem-GridColumn--xxlarge--none aem-GridColumn--default--none aem-GridColumn--offset--large--1 aem-GridColumn--xlarge--12 aem-GridColumn--offset--default--0 aem-GridColumn--xxlarge--10 aem-GridColumn--offset--xlarge--2 aem-GridColumn--offset--xxlarge--3 aem-GridColumn--offset--xxxlarge--4 aem-GridColumn--xsmall--none aem-GridColumn--large--none aem-GridColumn aem-GridColumn--large--14 aem-GridColumn--xxxlarge--8 aem-GridColumn--default--16">
												<div class="container-fluid sub-footer">

													                    <div class="row">
                        <div class="col-xs-24">
                          <p><a target="_blank" href="https://www.amd.com/en/corporate/copyright">Terms and Conditions</a> | <a target="_blank" href="https://www.amd.com/en/corporate/privacy">Privacy</a> | <a target="_blank" href="https://www.amd.com/en/corporate/cookies">Cookie Policy</a> | <a target="_blank" href="https://www.amd.com/en/corporate/trademarks">Trademarks</a> | <a target="_blank" href="https://www.amd.com/system/files/documents/statement-human-trafficking-forced-labor.pdf">Statement on Forced Labor</a> | <a target="_blank" href="https://www.amd.com/en/corporate/competition">Fair and Open Competition</a> | <a target="_blank" href="https://www.amd.com/system/files/documents/amd-uk-tax-strategy.pdf">UK Tax Strategy</a> | <a target="_blank" href="https://docs.xilinx.com/v/u/9x6YvZKuWyhJId7y7RQQKA">Inclusive Terminology</a> | <a href="#cookiessettings" class="ot-sdk-show-settings">Cookies Settings</a></p>
                        </div>
                    </div>
												</div>
											</div>
										</div>
										
</br>


  Built with <a href="https://www.sphinx-doc.org/">Sphinx</a> using a
    <a href="https://github.com/readthedocs/sphinx_rtd_theme">theme</a>
    provided by <a href="https://readthedocs.org">Read the Docs</a>.
   

</footer>
        </div>
      </div>
    </section>
  </div>
  <script>
      jQuery(function () {
          SphinxRtdTheme.Navigation.enable(true);
      });
  </script>
 <script type="text/javascript">
    $(document).ready(function() {
        $(".toggle > *").hide();
        $(".toggle .header").show();
        $(".toggle .header").click(function() {
            $(this).parent().children().not(".header").toggle(400);
            $(this).parent().children(".header").toggleClass("open");
        })
    });
</script>


</body>
</html>